// Jest Snapshot v1, https://goo.gl/fbAQLP

exports[`transaction:get Should run 'transaction:get -n ropsten 0xc83836f1b3acac94a31de8e24c913aceaa9ebc51c93cd374429590596091584a' and match snapshot. 1`] = `
Array [
  "{
  \\"blockHash\\": \\"0x0779e77a7c2354b2375a47c70d445744700af4b90bf89dfa74b44435182b556e\\",
  \\"blockNumber\\": 4572283,
  \\"from\\": \\"0x18AD183A875e5A42a60Eb5D3a9D6657C3493d064\\",
  \\"gas\\": 2965143,
  \\"gasPrice\\": \\"5000000000\\",
  \\"hash\\": \\"0xc83836f1b3acac94a31de8e24c913aceaa9ebc51c93cd374429590596091584a\\",
  \\"input\\": \\"0x608060405234801561001057600080fd5b5060405160808061293a833981016040908152815160208301519183015160609093015160008054600160a060020a0319908116331790915560018054600160a060020a03948516908316179055600293909355600380549290941691909216179091556004556128b4806100866000396000f3006080604052600436106101e25763ffffffff7c010000000000000000000000000000000000000000000000000000000060003504166306fdde0381146101fb578063085d488314610285578063095ea7b3146102b657806318160ddd146102ee57806318b3a1191461031557806323b872dd146103435780632cd185651461036d5780632d37e6dc14610382578063313ce567146103c757806338c80fc3146103f25780633e7f54a91461041657806346d894441461042b5780634bc091a31461049057806355f86501146104a557806356f7cafe146104b857806366188463146102b65780636a73820e146104cd5780636e9960c3146104e257806370a08231146104f75780637185393c1461051857806373520a2b14610539578063792651b0146105a957806395d89b41146105be5780639ee398ce146105d3578063a6f2ae3a146105eb578063a9059cbb146105f3578063b3562e6e14610617578063b9e8574f1461066b578063d5d09021146106b2578063d73dd623146102b6578063d76ecb87146106e2578063d9cb8735146106f7578063db2e17411461070c578063dd62ed3e14610721578063ee7c0db014610748578063f576f7221461075d578063f6281a9b146107b7578063f6ecd724146107cf578063f716c4001461081c575b600154600160a060020a031633146101f957600080fd5b005b34801561020757600080fd5b50610210610831565b6040805160208082528351818301528351919283929083019185019080838360005b8381101561024a578181015183820152602001610232565b50505050905090810190601f1680156102775780820380516001836020036101000a031916815260200191505b509250505060405180910390f35b34801561029157600080fd5b5061029a6108e0565b60408051600160a060020a039092168252519081900360200190f35b3480156102c257600080fd5b506102da600160a060020a03600435166024356108ef565b604080519115158252519081900360200190f35b3480156102fa57600080fd5b506103036109e2565b60408051918252519081900360200190f35b34801561032157600080fd5b5061032a610a8b565b6040805192835260208301919091528051918290030190f35b34801561034f57600080fd5b506102da600160a060020a0360043581169060243516604435610b3b565b34801561037957600080fd5b5061029a610c32565b34801561038e57600080fd5b50610397610c41565b60408051948552600160a060020a0390931660208501529015158383015215156060830152519081900360800190f35b3480156103d357600080fd5b506103dc610d09565b6040805160ff9092168252519081900360200190f35b3480156103fe57600080fd5b5061032a600435600160a060020a0360243516610d81565b34801561042257600080fd5b506102da610e42565b34801561043757600080fd5b506104406112d3565b60408051602080825283518183015283519192839290830191858101910280838360005b8381101561047c578181015183820152602001610464565b505050509050019250505060405180910390f35b34801561049c57600080fd5b5061032a6113db565b6102da600480356024810191013561144f565b3480156104c457600080fd5b50610303611663565b3480156104d957600080fd5b50610303611669565b3480156104ee57600080fd5b5061029a61166f565b34801561050357600080fd5b50610303600160a060020a03600435166116e7565b34801561052457600080fd5b506102da600160a060020a036004351661179b565b34801561054557600080fd5b5061054e611a29565b6040518083815260200180602001828103825283818151815260200191508051906020019060200280838360005b8381101561059457818101518382015260200161057c565b50505050905001935050505060405180910390f35b3480156105b557600080fd5b5061029a611b3b565b3480156105ca57600080fd5b50610210611b4a565b3480156105df57600080fd5b5061032a600435611bc3565b6101f9611c7b565b3480156105ff57600080fd5b506102da600160a060020a0360043516602435611ddd565b34801561062357600080fd5b5061062f600435611ed0565b6040805197885260208801969096528686019490945260608601929092526080850152151560a0840152151560c0830152519081900360e00190f35b34801561067757600080fd5b5061068c600160a060020a0360043516611fbb565b604080519485526020850193909352838301919091526060830152519081900360800190f35b3480156106be57600080fd5b506106c761208c565b60408051921515835260208301919091528051918290030190f35b3480156106ee57600080fd5b50610303612100565b34801561070357600080fd5b5061029a612106565b34801561071857600080fd5b50610303612115565b34801561072d57600080fd5b50610303600160a060020a036004358116906024351661211b565b34801561075457600080fd5b506103036121d6565b34801561076957600080fd5b5061077261224e565b604080519889526020890197909752878701959095526060870193909352608086019190915260a0850152151560c0840152151560e083015251908190036101000190f35b3480156107c357600080fd5b5061054e60043561233e565b3480156107db57600080fd5b506101f9600160a060020a036004358116906024359060443590606435906084359060a4359060c4359060e435151590610104351515906101243516612458565b34801561082857600080fd5b5061030361263b565b600754600154600654604080517fe0e40349000000000000000000000000000000000000000000000000000000008152600160a060020a0393841660048201526024810192909252516060936108db93169163e0e403499160448083019260209291908290030181600087803b1580156108aa57600080fd5b505af11580156108be573d6000803e3d6000fd5b505050506040513d60208110156108d457600080fd5b50516126b3565b905090565b600354600160a060020a031681565b60015460065460405160e160020a635c20b6970281523360048201818152602483018490526060604484019081523660648501819052600096600160a060020a03169563b8416d2e95909388939091608401848480828437820191505095505050505050606060405180830381600087803b15801561096d57600080fd5b505af1158015610981573d6000803e3d6000fd5b505050506040513d606081101561099757600080fd5b5050604080518381529051600160a060020a0385169133917f8c5be1e5ebec7d5bd14f71427d1e84f3dd0314c0f7b2291e5b200ac8c7c3b9259181900360200190a350600192915050565b600754600154600654604080517f4444e3cd000000000000000000000000000000000000000000000000000000008152600160a060020a0393841660048201526024810192909252516000939290921691634444e3cd9160448082019260209290919082900301818787803b158015610a5a57600080fd5b505af1158015610a6e573d6000803e3d6000fd5b505050506040513d6020811015610a8457600080fd5b5051905090565b600754600154600654604080517f8cde43dc000000000000000000000000000000000000000000000000000000008152600160a060020a0393841660048201526024810192909252805160009485941692638cde43dc92604480830193919282900301818787803b158015610aff57600080fd5b505af1158015610b13573d6000803e3d6000fd5b505050506040513d6040811015610b2957600080fd5b50805160209091015190925090509091565b60015460065460405160e160020a635c20b6970281523360048201818152602483018490526060604484019081523660648501819052600096600160a060020a03169563b8416d2e95909388939091608401848480828437820191505095505050505050606060405180830381600087803b158015610bb957600080fd5b505af1158015610bcd573d6000803e3d6000fd5b505050506040513d6060811015610be357600080fd5b5050604080518381529051600160a060020a0380861692908716917fddf252ad1be2c89b69c2b068fc378daa952ba7f163c4a11628f55a4df523b3ef9181900360200190a35060019392505050565b600054600160a060020a031681565b600754600154600654604080517fd0ca1982000000000000000000000000000000000000000000000000000000008152600160a060020a039384166004820152602481019290925251600093849384938493919092169163d0ca198291604480830192608092919082900301818787803b158015610cbe57600080fd5b505af1158015610cd2573d6000803e3d6000fd5b505050506040513d6080811015610ce857600080fd5b50805160208201516040830151606090930151919790965091945092509050565b600754600154600654604080517f3936dbe4000000000000000000000000000000000000000000000000000000008152600160a060020a0393841660048201526024810192909252516000939290921691633936dbe49160448082019260209290919082900301818787803b158015610a5a57600080fd5b600754600154600654604080517f15ddf344000000000000000000000000000000000000000000000000000000008152600160a060020a03938416600482015260248101929092526044820186905284831660648301528051600094859416926315ddf34492608480830193919282900301818787803b158015610e0457600080fd5b505af1158015610e18573d6000803e3d6000fd5b505050506040513d6040811015610e2e57600080fd5b508051602090910151909590945092505050565b6000805481908190600160a060020a03163314610e5e57600080fd5b600154604080517f6578656328616464726573732c627974657333322c62797465732900000000008152815190819003601b0181206003546006547f757064617465496e7374616e636528627974657333322c627974657333322c6284527f797465733332290000000000000000000000000000000000000000000000000060208086019190915285519485900360270185206004546005546002546024808a01939093526044808a01929092526064808a01919091528951808a03820181526084998a018b529485018051600160e060020a0316600160e060020a03199095169490941784529851600160a060020a039687169281018381529181018690526060998101998a528451988101989098528351959099169895979096939592949293909260a4909101919080838360005b83811015610fa7578181015183820152602001610f8f565b50505050905090810190601f168015610fd45780820380516001836020036101000a031916815260200191505b5060408051601f19818403018152918152602082018051600160e060020a0316600160e060020a0319909916989098178852518151919790965086955093509150819050838360005b8381101561103557818101518382015260200161101d565b50505050905090810190601f1680156110625780820380516001836020036101000a031916815260200191505b509150506000604051808303816000865af11515915061108f9050576110866126ca565b600092506112ce565b611097612835565b925082151561110757604080517f08c379a000000000000000000000000000000000000000000000000000000000815260206004820152601060248201527f457865637574696f6e206661696c656400000000000000000000000000000000604482015290519081900360640190fd5b600154600254604080517f8527831b000000000000000000000000000000000000000000000000000000008152600481019290925251600160a060020a0390921691638527831b916024808201926020929091908290030181600087803b15801561117157600080fd5b505af1158015611185573d6000803e3d6000fd5b505050506040513d602081101561119b57600080fd5b505160015460025460035460048054604080517fb3b163c4000000000000000000000000000000000000000000000000000000008152600160a060020a039687169381019390935260248301949094529184166044820152606481019190915290519294509084169163b3b163c4916084808201926020929091908290030181600087803b15801561122c57600080fd5b505af1158015611240573d6000803e3d6000fd5b505050506040513d602081101561125657600080fd5b505190508015156112c857604080517f08c379a000000000000000000000000000000000000000000000000000000000815260206004820152601660248201527f696e76616c6964206c61746573742076657273696f6e00000000000000000000604482015290519081900360640190fd5b60058190555b505090565b600754600154600654604080517ff5e493aa000000000000000000000000000000000000000000000000000000008152600160a060020a039384166004820152602481019290925251606093929092169163f5e493aa9160448082019260009290919082900301818387803b15801561134b57600080fd5b505af115801561135f573d6000803e3d6000fd5b505050506040513d6000823e601f3d908101601f19168201604052602081101561138857600080fd5b8101908080516401000000008111156113a057600080fd5b820160208101848111156113b357600080fd5b81518560208202830111640100000000821117156113d057600080fd5b509094505050505090565b600754600154600654604080517f52ad4116000000000000000000000000000000000000000000000000000000008152600160a060020a03938416600482015260248101929092528051600094859416926352ad411692604480830193919282900301818787803b158015610aff57600080fd5b600654600090819015801590611466575060048310155b151561147157600080fd5b6114aa84848080601f01602080910402602001604051908101604052809392919081815260200183838082843750612877945050505050565b604080517f757064617465496e7374616e636528627974657333322c627974657333322c6281527f797465733332290000000000000000000000000000000000000000000000000060208201529051908190036027019020909150600160e060020a031980831691161480159061155f5750604080517f757064617465457865632861646472657373290000000000000000000000000081529051908190036013019020600160e060020a0319828116911614155b151561156a57600080fd5b60015460065460405160e160020a635c20b69702815233600482018181526024830184905260606044840190815260648401899052600160a060020a039095169463b8416d2e94349490928b928b926084018484808284378201915050955050505050506060604051808303818588803b1580156115e757600080fd5b505af11580156115fb573d6000803e3d6000fd5b50505050506040513d606081101561161257600080fd5b5061161d9050612835565b915081151561162e5761162e6126ca565b6040513390303180156108fc02916000818181858888f1935050505015801561165b573d6000803e3d6000fd5b505092915050565b60025481565b60045481565b600754600154600654604080517fb20cedc3000000000000000000000000000000000000000000000000000000008152600160a060020a039384166004820152602481019290925251600093929092169163b20cedc39160448082019260209290919082900301818787803b158015610a5a57600080fd5b600754600154600654604080517f75e42744000000000000000000000000000000000000000000000000000000008152600160a060020a039384166004820152602481019290925284831660448301525160009392909216916375e427449160648082019260209290919082900301818787803b15801561176757600080fd5b505af115801561177b573d6000803e3d6000fd5b505050506040513d602081101561179157600080fd5b505190505b919050565b60008054600160a060020a0316331480156117be5750600160a060020a03821615155b15156117c957600080fd5b600154604080517f6578656328616464726573732c627974657333322c62797465732900000000008152815190819003601b0181206006547f757064617465457865632861646472657373290000000000000000000000000083528351928390036013018320600160a060020a0388811660248087019190915286518087038201815260449687018852602081018051600160e060020a0316600160e060020a03199095169490941784529651339181018281529681018590526060606482019081528851608483015288519390991698959791969495919493919260a4909101919080838360005b838110156118ca5781810151838201526020016118b2565b50505050905090810190601f1680156118f75780820380516001836020036101000a031916815260200191505b5060408051601f19818403018152918152602082018051600160e060020a0316600160e060020a0319909916989098178852518151919790965086955093509150819050838360005b83811015611958578181015183820152602001611940565b50505050905090810190601f1680156119855780820380516001836020036101000a031916815260200191505b509150506000604051808303816000865af1151591506119b19050576119a96126ca565b506000611796565b6119b9612835565b905080151561179657604080517f08c379a000000000000000000000000000000000000000000000000000000000815260206004820152601060248201527f457865637574696f6e206661696c656400000000000000000000000000000000604482015290519081900360640190fd5b600754600154600654604080517fc4fa9c6b000000000000000000000000000000000000000000000000000000008152600160a060020a039384166004820152602481019290925251600093606093169163c4fa9c6b916044808301928792919082900301818387803b158015611a9f57600080fd5b505af1158015611ab3573d6000803e3d6000fd5b505050506040513d6000823e601f3d908101601f191682016040908152811015611adc57600080fd5b815160208301805191939283019291640100000000811115611afd57600080fd5b82016020810184811115611b1057600080fd5b8151856020820283011164010000000082111715611b2d57600080fd5b509496509450505050509091565b600154600160a060020a031681565b600754600154600654604080517f6c2d5d26000000000000000000000000000000000000000000000000000000008152600160a060020a0393841660048201526024810192909252516060936108db931691636c2d5d269160448083019260209291908290030181600087803b1580156108aa57600080fd5b600754600154600654604080517f16e7c80d000000000000000000000000000000000000000000000000000000008152600160a060020a0393841660048201526024810192909252604482018590528051600094859416926316e7c80d92606480830193919282900301818787803b158015611c3e57600080fd5b505af1158015611c52573d6000803e3d6000fd5b505050506040513d6040811015611c6857600080fd5b5080516020909101519092509050915091565b600154604080517f6578656328616464726573732c627974657333322c62797465732900000000008152905190819003601b0181206006543360248401818152604485018390526060606486019081523660848701819052600160a060020a0390971696349693949360009391929060a40184848082843782019150509550505050505060405160208183030381529060405290600160e060020a031916602082018051600160e060020a03838183161783525050505060405180828051906020019080838360005b83811015611d5c578181015183820152602001611d44565b50505050905090810190601f168015611d895780820380516001836020036101000a031916815260200191505b5091505060006040518083038185875af115159250611dad91505057611dad6126ca565b6040513390303180156108fc02916000818181858888f19350505050158015611dda573d6000803e3d6000fd5b50565b60015460065460405160e160020a635c20b6970281523360048201818152602483018490526060604484019081523660648501819052600096600160a060020a03169563b8416d2e95909388939091608401848480828437820191505095505050505050606060405180830381600087803b158015611e5b57600080fd5b505af1158015611e6f573d6000803e3d6000fd5b505050506040513d6060811015611e8557600080fd5b5050604080518381529051600160a060020a0385169133917fddf252ad1be2c89b69c2b068fc378daa952ba7f163c4a11628f55a4df523b3ef9181900360200190a350600192915050565b600754600154600654604080517f4357b3de000000000000000000000000000000000000000000000000000000008152600160a060020a03938416600482015260248101929092526044820185905251600093849384938493849384938493911691634357b3de9160648082019260e09290919082900301818787803b158015611f5957600080fd5b505af1158015611f6d573d6000803e3d6000fd5b505050506040513d60e0811015611f8357600080fd5b508051602082015160408301516060840151608085015160a086015160c090960151949e939d50919b50995097509195509350915050565b600754600154600654604080517f95de00a2000000000000000000000000000000000000000000000000000000008152600160a060020a039384166004820152602481019290925284831660448301525160009384938493849391909216916395de00a291606480830192608092919082900301818787803b15801561204057600080fd5b505af1158015612054573d6000803e3d6000fd5b505050506040513d608081101561206a57600080fd5b5080516020820151604083015160609093015191989097509195509350915050565b600754600154600654604080517fa0113f18000000000000000000000000000000000000000000000000000000008152600160a060020a039384166004820152602481019290925280516000948594169263a0113f1892604480830193919282900301818787803b158015610aff57600080fd5b60065481565b600754600160a060020a031681565b60055481565b600754600154600654604080517f0832b925000000000000000000000000000000000000000000000000000000008152600160a060020a039384166004820152602481019290925285831660448301528483166064830152516000939290921691630832b9259160848082019260209290919082900301818787803b1580156121a357600080fd5b505af11580156121b7573d6000803e3d6000fd5b505050506040513d60208110156121cd57600080fd5b50519392505050565b600754600154600654604080517f0c51171d000000000000000000000000000000000000000000000000000000008152600160a060020a0393841660048201526024810192909252516000939290921691630c51171d9160448082019260209290919082900301818787803b158015610a5a57600080fd5b600754600154600654604080517fe758d445000000000000000000000000000000000000000000000000000000008152600160a060020a0393841660048201526024810192909252516000938493849384938493849384938493919092169163e758d4459160448083019261010092919082900301818787803b1580156122d457600080fd5b505af11580156122e8573d6000803e3d6000fd5b505050506040513d6101008110156122ff57600080fd5b508051602082015160408301516060840151608085015160a086015160c087015160e090970151959f949e50929c50909a509850965091945092509050565b600754600154600654604080517f137b8721000000000000000000000000000000000000000000000000000000008152600160a060020a03938416600482015260248101929092526044820185905251600093606093169163137b8721916064808301928792919082900301818387803b1580156123bb57600080fd5b505af11580156123cf573d6000803e3d6000fd5b505050506040513d6000823e601f3d908101601f1916820160409081528110156123f857600080fd5b81516020830180519193928301929164010000000081111561241957600080fd5b8201602081018481111561242c57600080fd5b815185602082028301116401000000008211171561244957600080fd5b50949650945050505050915091565b600054600160a060020a0316331480156124725750600654155b801561247f575060045415155b151561248a57600080fd5b600154600480546003546002546040517f6ee7a0630000000000000000000000000000000000000000000000000000000081523394810185815260248201859052600160a060020a03938416604483018190526064830184905260a0608484019081523660a485018190529590981697636ee7a063979695919493600093919060c40184848082843782019150509750505050505050506040805180830381600087803b15801561253a57600080fd5b505af115801561254e573d6000803e3d6000fd5b505050506040513d604081101561256457600080fd5b5080516020918201516005556006819055600154604080517f8527831b000000000000000000000000000000000000000000000000000000008152600481019390935251600160a060020a0390911692638527831b92602480820193918290030181600087803b1580156125d757600080fd5b505af11580156125eb573d6000803e3d6000fd5b505050506040513d602081101561260157600080fd5b50516007805473ffffffffffffffffffffffffffffffffffffffff1916600160a060020a0390921691909117905550505050505050505050565b600754600154600654604080517fa15e3919000000000000000000000000000000000000000000000000000000008152600160a060020a039384166004820152602481019290925251600093929092169163a15e39199160448082019260209290919082900301818787803b158015610a5a57600080fd5b604080516020808252810192909252818101905290565b604080517f4572726f7228737472696e6729000000000000000000000000000000000000008152905190819003600d0181206060913d6000823e3d8101604052600160e060020a0319821681511415612724578060240192505b5081511515612795576006546040805160208082526011908201527f4e6f206572726f722072656369657665640000000000000000000000000000008183015290517ff0864f75f6dbcc5acf196502ab8f15498b011350423a46eca2563935f27361499181900360600190a2612831565b60065460408051602080825285518183015285517ff0864f75f6dbcc5acf196502ab8f15498b011350423a46eca2563935f2736149938793928392918301919085019080838360005b838110156127f65781810151838201526020016127de565b50505050905090810190601f1680156128235780820380516001836020036101000a031916815260200191505b509250505060405180910390a25b5050565b60003d60601415612874576040513d6000823e80511561285457600191505b60208101511561286357600191505b60408101511561287257600191505b505b90565b60200151600160e060020a031916905600a165627a7a7230582090e5ebef6d850b51d9b6ee38e802e6bd2113a3b98db7b4b021072d96ee19526600290000000000000000000000000648b0645574966c32d37bc5be0208a979342677b10e2d527612073b26eecdfd717e6a320cf44b4afac2b0732d9fcbe2b7fa0cf60000000000000000000000007ae09e9963c835959b06240ba69b00febdff681a4d696e74656443617070656443726f776473616c650000000000000000000000\\",
  \\"nonce\\": 2164,
  \\"r\\": \\"0x730611e0d39d1c7570c867e104e046de2dfe428d22a01715a0c5410af04ba0af\\",
  \\"s\\": \\"0x5960725aa450f94bb132c9de0691f85c6119940434c23bb5547cc811ce50620e\\",
  \\"to\\": null,
  \\"transactionIndex\\": 9,
  \\"v\\": \\"0x2a\\",
  \\"value\\": \\"0\\",
  \\"receipt\\": {
    \\"blockHash\\": \\"0x0779e77a7c2354b2375a47c70d445744700af4b90bf89dfa74b44435182b556e\\",
    \\"blockNumber\\": 4572283,
    \\"contractAddress\\": \\"0x2c1F325E79c60CDd572c31E7Dbf79FDf5DB7c3a0\\",
    \\"cumulativeGasUsed\\": 3811673,
    \\"from\\": \\"0x18ad183a875e5a42a60eb5d3a9d6657c3493d064\\",
    \\"gasUsed\\": 2884943,
    \\"logs\\": [],
    \\"logsBloom\\": \\"0x00000000000000000000000000000000000000000000000000000000000000000000000000000000000000000000000000000000000000000000000000000000000000000000000000000000000000000000000000000000000000000000000000000000000000000000000000000000000000000000000000000000000000000000000000000000000000000000000000000000000000000000000000000000000000000000000000000000000000000000000000000000000000000000000000000000000000000000000000000000000000000000000000000000000000000000000000000000000000000000000000000000000000000000000000000000\\",
    \\"status\\": true,
    \\"to\\": null,
    \\"transactionHash\\": \\"0xc83836f1b3acac94a31de8e24c913aceaa9ebc51c93cd374429590596091584a\\",
    \\"transactionIndex\\": 9
  }
}
",
]
`;
